 AERMET_SETUP
 SUCCESSFUL

 AERMET VERSION  24142

 START PROCESSING DATE/TIME: NOVEMBER 11, 2025   9:56:27 AM

 RUNSTREAM CONTROL FILE: aermet.inp


 ****************************  INPUT SUMMARY **************************** 

 PROCESSING STAGES 1



 1.  JOB FILE NAMES

 MESSAGES   OPEN     aermet_st1.msg
 REPORT     OPEN     aermet_st1.rpt
 DEBUG      NO FILE



 2. UPPERAIR DATA

 PROCESSING DATES: 05/01/1992 - 05/19/1993

                    SITE ID     LATITUDE    LONGITUDE     TIME ADJUSTMENT
                   --------     --------    ---------     ---------------
 LOCATION:         00014735        42.75       -73.80             5

 DATA FILE:      OPEN      14735-92.fsl
 EXTRACT FILE:   OPEN      alb92-93.iqa
 QAOUT FILE:     OPEN      alb92-93.oqa

 UPPER AIR DATA ABOVE 5000 NOT EXTRACTED

 UPPER AIR AUTOMATIC DATA CHECKS ARE: OFF



 3. SURFACE DATA

 PROCESSING DATES: 05/01/1992 - 05/19/1993

                    SITE ID     LATITUDE    LONGITUDE     TIME ADJUSTMENT    ELEVATION
                   --------     --------    ---------     ---------------    ---------
 LOCATION:            14737        40.65       -75.43             0               0.00

 DATA FILE:      OPEN      14737.dat
 EXTRACT FILE:   OPEN      14737.iqa
 QAOUT FILE:     OPEN      14737.oqa



 4. ONSITE DATA

 PROCESSING DATES: 05/01/1992 - 05/19/1993

                    SITE ID     LATITUDE    LONGITUDE     TIME ADJUSTMENT    ELEVATION
                   --------     --------    ---------     ---------------    ---------
 LOCATION:           000001        40.79       -75.14             0               0.00

 DATA FILE:      OPEN      mcospfl.dat
 QAOUT FILE:     OPEN      mcospfl.oqa

 NUMBER OF OBSERVATIONS/HOUR:  1

 THRESHOLD WIND SPEED (M/S):    0.30



 5. PROG DATA

 NO PROCESSING REQUESTED




 6. METPREP DATA

 NO PROCESSING REQUESTED

